2024-07-01 00:03:12 INFO  Scheduled backup started
2024-07-01 00:05:44 INFO  Backup completed successfully
2024-07-01 02:15:03 ERROR Disk usage exceeded 90% on /dev/sda1
2024-07-01 04:30:21 INFO  Health check passed
2024-07-01 06:47:58 ERROR Failed to connect to database: timeout after 30s
2024-07-01 06:48:01 ERROR Retry attempt 1 failed: database unreachable
2024-07-01 07:00:00 INFO  Database connection restored
2024-07-01 09:12:34 INFO  API server started on port 8080
2024-07-01 11:45:22 WARNING Memory usage at 78%
2024-07-01 14:03:55 ERROR Unhandled exception in worker thread: NullPointerException
2024-07-01 16:30:10 INFO  Deployment v2.3.1 completed
2024-07-01 18:55:47 ERROR SSL certificate expiry in 5 days — renewal required
2024-07-02 01:10:00 INFO  Scheduled backup started
2024-07-02 01:12:35 INFO  Backup completed successfully
2024-07-02 03:44:19 ERROR Disk usage exceeded 90% on /dev/sda1
2024-07-02 07:08:02 INFO  Health check passed
2024-07-02 09:25:13 WARNING CPU spike detected: 95% for 2 minutes
2024-07-02 10:00:00 INFO  Cache cleared successfully
2024-07-02 12:34:56 ERROR Authentication service returned 503: service unavailable
2024-07-02 13:00:00 INFO  Load balancer restarted
2024-07-02 15:22:41 ERROR Failed to write log file: permission denied on /var/logs/app.log
2024-07-02 17:45:09 INFO  API response time within normal range
2024-07-02 20:10:33 ERROR Payment gateway timeout: no response within 10s
2024-07-02 23:59:00 INFO  Daily report generated
2024-07-03 00:00:01 INFO  Midnight cron job executed
2024-07-03 02:30:18 INFO  Scheduled backup started
2024-07-03 03:45:22 ERROR Backup failed: insufficient disk space
2024-07-03 06:00:00 INFO  Health check passed
2024-07-03 08:17:43 INFO  New deployment initiated: v2.3.2
2024-07-03 08:22:10 ERROR Deployment rollback triggered: container failed to start
2024-07-03 10:05:55 INFO  Rollback to v2.3.1 successful
2024-07-03 13:30:00 WARNING Third-party API rate limit approaching
2024-07-03 15:48:29 ERROR Queue consumer crashed: out of memory
2024-07-03 16:00:00 INFO  Queue consumer restarted
2024-07-03 19:22:07 INFO  Scheduled maintenance window started
2024-07-03 21:00:00 INFO  Maintenance window completed
